<dataset>
    <training_version old_version="1"/>
</dataset>