<dataset>
    <employee_role employee_id="2" role_id="1"/>
</dataset>