<dataset>
    <employee login="dima" password="0f5b25cd58319cde0e6e33715b66db4c" name="Dmitriy Nedelko"/>
</dataset>